
 RUN  v4.0.18 /Users/ramizloki/IdeaProjects/simple-pos

stderr | src/app/integration/pos-flow.spec.ts > POS Integration Flow > should manage inventory tracking correctly
RuntimeError: NG0202: This constructor is not compatible with Angular Dependency Injection because its dependency at index 0 of the parameter list is invalid.
This can happen if the dependency type is a primitive like a string or if an ancestor of this class is missing an Angular decorator.

Please check that 1) the type for the parameter at index 0 is correct and 2) the correct Angular decorators are defined for this class and its ancestors.
    at ɵɵinvalidFactoryDep [90m(file:///Users/ramizloki/IdeaProjects/simple-pos/[39mnode_modules/[4m.pnpm[24m/@angular+core@21.1.2_@angular+compiler@21.1.2_rxjs@7.8.2_zone.js@0.16.0/node_modules/[4m@angular/core[24m/fesm2022/_untracked-chunk.mjs:685:9[90m)[39m
    at Object.CategoryService_Factory [as factory] (ng:///CategoryService/ɵfac.js:5:59)
    at [90mfile:///Users/ramizloki/IdeaProjects/simple-pos/[39mnode_modules/[4m.pnpm[24m/@angular+core@21.1.2_@angular+compiler@21.1.2_rxjs@7.8.2_zone.js@0.16.0/node_modules/[4m@angular/core[24m/fesm2022/_untracked-chunk.mjs:1311:35
    at runInInjectorProfilerContext [90m(file:///Users/ramizloki/IdeaProjects/simple-pos/[39mnode_modules/[4m.pnpm[24m/@angular+core@21.1.2_@angular+compiler@21.1.2_rxjs@7.8.2_zone.js@0.16.0/node_modules/[4m@angular/core[24m/fesm2022/_untracked-chunk.mjs:442:5[90m)[39m
    at R3Injector.hydrate [90m(file:///Users/ramizloki/IdeaProjects/simple-pos/[39mnode_modules/[4m.pnpm[24m/@angular+core@21.1.2_@angular+compiler@21.1.2_rxjs@7.8.2_zone.js@0.16.0/node_modules/[4m@angular/core[24m/fesm2022/_untracked-chunk.mjs:1309:11[90m)[39m
    at R3Injector.get [90m(file:///Users/ramizloki/IdeaProjects/simple-pos/[39mnode_modules/[4m.pnpm[24m/@angular+core@21.1.2_@angular+compiler@21.1.2_rxjs@7.8.2_zone.js@0.16.0/node_modules/[4m@angular/core[24m/fesm2022/_untracked-chunk.mjs:1201:23[90m)[39m
    at TestBedImpl.inject [90m(file:///Users/ramizloki/IdeaProjects/simple-pos/[39mnode_modules/[4m.pnpm[24m/@angular+core@21.1.2_@angular+compiler@21.1.2_rxjs@7.8.2_zone.js@0.16.0/node_modules/[4m@angular/core[24m/fesm2022/testing.mjs:1413:48[90m)[39m
    at Function.inject [90m(file:///Users/ramizloki/IdeaProjects/simple-pos/[39mnode_modules/[4m.pnpm[24m/@angular+core@21.1.2_@angular+compiler@21.1.2_rxjs@7.8.2_zone.js@0.16.0/node_modules/[4m@angular/core[24m/fesm2022/testing.mjs:1300:33[90m)[39m
    at [90m/Users/ramizloki/IdeaProjects/simple-pos/[39msrc/app/integration/pos-flow.spec.ts:24:31
    at [90mfile:///Users/ramizloki/IdeaProjects/simple-pos/[39mnode_modules/[4m.pnpm[24m/@vitest+runner@4.0.18/node_modules/[4m@vitest/runner[24m/dist/index.js:145:11 {
  code: [33m202[39m
}

 ❯ src/app/integration/pos-flow.spec.ts (1 test | 1 failed) 10ms
     × should manage inventory tracking correctly 9ms
 ❯ src/app/app.spec.ts (2 tests | 2 failed) 3ms
     × should create the app 2ms
     × should render title 0ms

⎯⎯⎯⎯⎯⎯⎯ Failed Tests 3 ⎯⎯⎯⎯⎯⎯⎯

 FAIL  src/app/app.spec.ts > App > should create the app
 FAIL  src/app/app.spec.ts > App > should render title
Error: Component 'App' is not resolved:
 - templateUrl: ./app.html
 - styleUrl: ./app.css
Did you run and wait for 'resolveComponentResources()'?
 ❯ Function.get node_modules/.pnpm/@angular+core@21.1.2_@angular+compiler@21.1.2_rxjs@7.8.2_zone.js@0.16.0/node_modules/@angular/core/fesm2022/_debug_node-chunk.mjs:17816:17
 ❯ getComponentDef node_modules/.pnpm/@angular+core@21.1.2_@angular+compiler@21.1.2_rxjs@7.8.2_zone.js@0.16.0/node_modules/@angular/core/fesm2022/testing.mjs:1154:16
 ❯ isStandaloneComponent node_modules/.pnpm/@angular+core@21.1.2_@angular+compiler@21.1.2_rxjs@7.8.2_zone.js@0.16.0/node_modules/@angular/core/fesm2022/testing.mjs:1150:15
 ❯ queueTypesFromModulesArrayRecur node_modules/.pnpm/@angular+core@21.1.2_@angular+compiler@21.1.2_rxjs@7.8.2_zone.js@0.16.0/node_modules/@angular/core/fesm2022/testing.mjs:925:20
 ❯ TestBedCompiler.queueTypesFromModulesArray node_modules/.pnpm/@angular+core@21.1.2_@angular+compiler@21.1.2_rxjs@7.8.2_zone.js@0.16.0/node_modules/@angular/core/fesm2022/testing.mjs:943:5
 ❯ TestBedCompiler.configureTestingModule node_modules/.pnpm/@angular+core@21.1.2_@angular+compiler@21.1.2_rxjs@7.8.2_zone.js@0.16.0/node_modules/@angular/core/fesm2022/testing.mjs:567:12
 ❯ TestBedImpl.configureTestingModule node_modules/.pnpm/@angular+core@21.1.2_@angular+compiler@21.1.2_rxjs@7.8.2_zone.js@0.16.0/node_modules/@angular/core/fesm2022/testing.mjs:1402:19
 ❯ Function.configureTestingModule node_modules/.pnpm/@angular+core@21.1.2_@angular+compiler@21.1.2_rxjs@7.8.2_zone.js@0.16.0/node_modules/@angular/core/fesm2022/testing.mjs:1273:33
 ❯ src/app/app.spec.ts:6:19
      4| describe('App', () => {
      5|   beforeEach(async () => {
      6|     await TestBed.configureTestingModule({
       |                   ^
      7|       imports: [App],
      8|     }).compileComponents();

⎯⎯⎯⎯⎯⎯⎯⎯⎯⎯⎯⎯⎯⎯⎯⎯⎯⎯⎯⎯⎯⎯⎯⎯[1/3]⎯

 FAIL  src/app/integration/pos-flow.spec.ts > POS Integration Flow > should manage inventory tracking correctly
Error: NG0202: This constructor is not compatible with Angular Dependency Injection because its dependency at index 0 of the parameter list is invalid.
This can happen if the dependency type is a primitive like a string or if an ancestor of this class is missing an Angular decorator.

Please check that 1) the type for the parameter at index 0 is correct and 2) the correct Angular decorators are defined for this class and its ancestors.
 ❯ ɵɵinvalidFactoryDep node_modules/.pnpm/@angular+core@21.1.2_@angular+compiler@21.1.2_rxjs@7.8.2_zone.js@0.16.0/node_modules/@angular/core/fesm2022/_untracked-chunk.mjs:685:9
 ❯ Object.CategoryService_Factory [as factory] ng:/CategoryService/ɵfac.js:5:59
 ❯ node_modules/.pnpm/@angular+core@21.1.2_@angular+compiler@21.1.2_rxjs@7.8.2_zone.js@0.16.0/node_modules/@angular/core/fesm2022/_untracked-chunk.mjs:1311:35
 ❯ runInInjectorProfilerContext node_modules/.pnpm/@angular+core@21.1.2_@angular+compiler@21.1.2_rxjs@7.8.2_zone.js@0.16.0/node_modules/@angular/core/fesm2022/_untracked-chunk.mjs:442:5
 ❯ R3Injector.hydrate node_modules/.pnpm/@angular+core@21.1.2_@angular+compiler@21.1.2_rxjs@7.8.2_zone.js@0.16.0/node_modules/@angular/core/fesm2022/_untracked-chunk.mjs:1309:11
 ❯ R3Injector.get node_modules/.pnpm/@angular+core@21.1.2_@angular+compiler@21.1.2_rxjs@7.8.2_zone.js@0.16.0/node_modules/@angular/core/fesm2022/_untracked-chunk.mjs:1201:23
 ❯ TestBedImpl.inject node_modules/.pnpm/@angular+core@21.1.2_@angular+compiler@21.1.2_rxjs@7.8.2_zone.js@0.16.0/node_modules/@angular/core/fesm2022/testing.mjs:1413:48
 ❯ Function.inject node_modules/.pnpm/@angular+core@21.1.2_@angular+compiler@21.1.2_rxjs@7.8.2_zone.js@0.16.0/node_modules/@angular/core/fesm2022/testing.mjs:1300:33
 ❯ src/app/integration/pos-flow.spec.ts:24:31
     22|     });
     23| 
     24|     categoryService = TestBed.inject(CategoryService);
       |                               ^
     25|     productService = TestBed.inject(ProductService);
     26|     inventoryService = TestBed.inject(InventoryService);

⎯⎯⎯⎯⎯⎯⎯⎯⎯⎯⎯⎯⎯⎯⎯⎯⎯⎯⎯⎯⎯⎯⎯⎯[2/3]⎯


 Test Files  2 failed (2)
      Tests  3 failed (3)
   Start at  15:58:46
   Duration  529ms (transform 85ms, setup 306ms, import 86ms, tests 14ms, environment 482ms)

